Tue 25 Nov 15:22:58 GMT 2025
Running on hmem009 SPRE analysis
/mnt/nfs/home/nrajh/RSE/NumErrors/sparse-probabilistic-richardson-extrapolation/.venv/lib/python3.12/site-packages/pde/solvers/explicit.py:95: RuntimeWarning: invalid value encountered in add
  state_data += dt * rhs_pde(state_data, t)
Running model "Diffusion" with parameters [1.17968750e-05 7.62939453e-04 1.12915039e-03]
	Simulating Diffusion Model with dt = 1.1796875e-05, 2621 x partitions and 1771 y partitions
	Calculated final value: nan
Tue 25 Nov 15:23:41 GMT 2025
Total seconds: 43
Running model "Diffusion" with parameters [1.19140625e-06 9.46044922e-04 1.49536133e-03]
	Simulating Diffusion Model with dt = 1.19140625e-06, 2114 x partitions and 1337 y partitions
	Calculated final value: 79.56938931696381
Tue 25 Nov 15:23:44 GMT 2025
Total seconds: 409
Running model "Diffusion" with parameters [3.08593750e-06 5.79833984e-04 7.62939453e-04]
	Simulating Diffusion Model with dt = 3.0859375e-06, 3449 x partitions and 2621 y partitions
	Calculated final value: nan
Tue 25 Nov 15:25:12 GMT 2025
Total seconds: 496
Running model "Diffusion" with parameters [1.67968750e-06 1.31225586e-03 5.79833984e-04]
	Simulating Diffusion Model with dt = 1.6796875e-06, 1524 x partitions and 3449 y partitions
	Calculated final value: nan
Running model "Diffusion" with parameters [1.47460938e-06 7.62939453e-04 1.12915039e-03]
	Simulating Diffusion Model with dt = 1.474609375e-06, 2621 x partitions and 1771 y partitions
	Calculated final value: 79.56860505513359
Tue 25 Nov 15:25:34 GMT 2025
Total seconds: 519
Tue 25 Nov 15:25:35 GMT 2025
Total seconds: 519
Running model "Diffusion" with parameters [4.88281250e-07 1.67846680e-03 1.31225586e-03]
	Simulating Diffusion Model with dt = 4.8828125e-07, 1192 x partitions and 1524 y partitions
	Calculated final value: 79.5510186020672
Tue 25 Nov 15:25:59 GMT 2025
Total seconds: 543
Running model "Diffusion" with parameters [1.12304687e-06 1.49536133e-03 9.46044922e-04]
	Simulating Diffusion Model with dt = 1.123046875e-06, 1337 x partitions and 2114 y partitions
	Calculated final value: 79.56938936269921
Tue 25 Nov 15:26:24 GMT 2025
Total seconds: 569
Running model "Diffusion" with parameters [4.73632813e-07 1.86157227e-03 1.67846680e-03]
	Simulating Diffusion Model with dt = 4.736328125e-07, 1074 x partitions and 1192 y partitions
	Calculated final value: 79.54020031136803
Tue 25 Nov 15:26:54 GMT 2025
Total seconds: 598
slurmstepd: error: *** JOB 1142543 ON hmem009 CANCELLED AT 2025-11-25T15:27:13 DUE TO TIME LIMIT ***
slurmstepd: error: *** JOB 1142542 ON hmem009 CANCELLED AT 2025-11-25T15:27:13 DUE TO TIME LIMIT ***
slurmstepd: error: *** JOB 1142535 ON hmem009 CANCELLED AT 2025-11-25T15:27:13 DUE TO TIME LIMIT ***
slurmstepd: error: *** JOB 1142538 ON hmem009 CANCELLED AT 2025-11-25T15:27:13 DUE TO TIME LIMIT ***
slurmstepd: error: *** JOB 1142540 ON hmem009 CANCELLED AT 2025-11-25T15:27:13 DUE TO TIME LIMIT ***
slurmstepd: error: *** JOB 1142541 ON hmem009 CANCELLED AT 2025-11-25T15:27:13 DUE TO TIME LIMIT ***
slurmstepd: error: *** JOB 1142534 ON hmem009 CANCELLED AT 2025-11-25T15:27:13 DUE TO TIME LIMIT ***
slurmstepd: error: *** JOB 1142547 ON hmem009 CANCELLED AT 2025-11-25T15:27:13 DUE TO TIME LIMIT ***
slurmstepd: error: *** JOB 1142533 ON hmem009 CANCELLED AT 2025-11-25T15:27:13 DUE TO TIME LIMIT ***
slurmstepd: error: *** JOB 1142536 ON hmem009 CANCELLED AT 2025-11-25T15:27:13 DUE TO TIME LIMIT ***
slurmstepd: error: *** JOB 1142539 ON hmem009 CANCELLED AT 2025-11-25T15:27:13 DUE TO TIME LIMIT ***
slurmstepd: error: *** JOB 1142548 ON hmem009 CANCELLED AT 2025-11-25T15:27:13 DUE TO TIME LIMIT ***
slurmstepd: error: *** JOB 1142546 ON hmem009 CANCELLED AT 2025-11-25T15:27:13 DUE TO TIME LIMIT ***
slurmstepd: error: *** JOB 1142545 ON hmem009 CANCELLED AT 2025-11-25T15:27:13 DUE TO TIME LIMIT ***
slurmstepd: error: *** JOB 1142551 ON hmem009 CANCELLED AT 2025-11-25T15:27:13 DUE TO TIME LIMIT ***
slurmstepd: error: *** JOB 1142556 ON hmem009 CANCELLED AT 2025-11-25T15:27:13 DUE TO TIME LIMIT ***
slurmstepd: error: *** JOB 1142553 ON hmem009 CANCELLED AT 2025-11-25T15:27:13 DUE TO TIME LIMIT ***
slurmstepd: error: *** JOB 1142559 ON hmem009 CANCELLED AT 2025-11-25T15:27:13 DUE TO TIME LIMIT ***
slurmstepd: error: *** JOB 1142544 ON hmem009 CANCELLED AT 2025-11-25T15:27:13 DUE TO TIME LIMIT ***
slurmstepd: error: *** JOB 1142550 ON hmem009 CANCELLED AT 2025-11-25T15:27:13 DUE TO TIME LIMIT ***
slurmstepd: error: *** JOB 1142552 ON hmem009 CANCELLED AT 2025-11-25T15:27:13 DUE TO TIME LIMIT ***
slurmstepd: error: *** JOB 1142555 ON hmem009 CANCELLED AT 2025-11-25T15:27:13 DUE TO TIME LIMIT ***
slurmstepd: error: *** JOB 1142561 ON hmem009 CANCELLED AT 2025-11-25T15:27:13 DUE TO TIME LIMIT ***
slurmstepd: error: *** JOB 1142554 ON hmem009 CANCELLED AT 2025-11-25T15:27:13 DUE TO TIME LIMIT ***
slurmstepd: error: *** JOB 1142562 ON hmem009 CANCELLED AT 2025-11-25T15:27:13 DUE TO TIME LIMIT ***
slurmstepd: error: *** JOB 1142569 ON hmem009 CANCELLED AT 2025-11-25T15:27:13 DUE TO TIME LIMIT ***
slurmstepd: error: *** JOB 1142563 ON hmem009 CANCELLED AT 2025-11-25T15:27:13 DUE TO TIME LIMIT ***
slurmstepd: error: *** JOB 1142570 ON hmem009 CANCELLED AT 2025-11-25T15:27:13 DUE TO TIME LIMIT ***
