Thu  4 Dec 10:29:04 GMT 2025
Running on hmem009 model simulation for job 31 scenario 3
Thu  4 Dec 10:29:05 GMT 2025
Running on hmem009 model simulation for job 31 scenario 4
pybullet build time: Nov 28 2025 15:19:22
pybullet build time: Nov 28 2025 15:19:22
pybullet build time: Nov 28 2025 15:19:22
Running model "PhysicsMug" with parameters [0.00152375 0.00856453 0.00131406]
	Simulating Physics Mug Model with dt = 0.00152375, 117 substeps and 761 solver iterations
	Calculated final value: 0.394964988936121
Running model "PhysicsMug" with parameters [0.00019047 0.06851625 0.00131406]
	Simulating Physics Mug Model with dt = 0.00019046875, 15 substeps and 761 solver iterations
	Calculated final value: 0.3998791244747595
Thu  4 Dec 10:29:10 GMT 2025
Total seconds: 7
Thu  4 Dec 10:29:10 GMT 2025
Total seconds: 8
Running model "PhysicsMug" with parameters [0.00019047 0.00856453 0.0105125 ]
	Simulating Physics Mug Model with dt = 0.00019046875, 117 substeps and 95 solver iterations
	Calculated final value: 0.4055557914235653
Thu  4 Dec 10:29:25 GMT 2025
Total seconds: 21
