Thu  4 Dec 10:29:05 GMT 2025
Running on hmem009 model simulation for job 40 scenario 2
Thu  4 Dec 10:29:05 GMT 2025
Running on hmem009 model simulation for job 40 scenario 4
pybullet build time: Nov 28 2025 15:19:22
pybullet build time: Nov 28 2025 15:19:22
pybullet build time: Nov 28 2025 15:19:22
Running model "PhysicsMug" with parameters [5.7175000e-03 1.3189375e-02 5.5937500e-05]
	Simulating Physics Mug Model with dt = 0.0057175, 76 substeps and 17877 solver iterations
	Calculated final value: 0.3781742908443349
Running model "PhysicsMug" with parameters [3.5734375e-04 2.1103000e-01 5.5937500e-05]
	Simulating Physics Mug Model with dt = 0.00035734375, 5 substeps and 17877 solver iterations
	Calculated final value: 0.3767593649059511
Thu  4 Dec 10:29:09 GMT 2025
Total seconds: 5
Thu  4 Dec 10:29:09 GMT 2025
Total seconds: 6
Running model "PhysicsMug" with parameters [0.00035734 0.01318937 0.000895  ]
	Simulating Physics Mug Model with dt = 0.00035734375, 76 substeps and 1117 solver iterations
	Calculated final value: 0.40548850514273027
Thu  4 Dec 10:29:14 GMT 2025
Total seconds: 10
