Thu  4 Dec 10:29:04 GMT 2025
Running on hmem009 model simulation for job 34 scenario 2
Thu  4 Dec 10:29:04 GMT 2025
Running on hmem009 model simulation for job 34 scenario 3
Thu  4 Dec 10:29:05 GMT 2025
Running on hmem009 model simulation for job 34 scenario 4
pybullet build time: Nov 28 2025 15:19:22
pybullet build time: Nov 28 2025 15:19:22
pybullet build time: Nov 28 2025 15:19:22
Running model "PhysicsMug" with parameters [0.0134225  0.01104047 0.00039984]
	Simulating Physics Mug Model with dt = 0.0134225, 91 substeps and 2501 solver iterations
	Calculated final value: 0.38413937967224304
Running model "PhysicsMug" with parameters [0.00083891 0.1766475  0.00039984]
	Simulating Physics Mug Model with dt = 0.00083890625, 6 substeps and 2501 solver iterations
	Calculated final value: 0.3995162051347099
Thu  4 Dec 10:29:09 GMT 2025
Total seconds: 6
Thu  4 Dec 10:29:09 GMT 2025
Total seconds: 6
Running model "PhysicsMug" with parameters [0.00083891 0.01104047 0.0063975 ]
	Simulating Physics Mug Model with dt = 0.00083890625, 91 substeps and 156 solver iterations
	Calculated final value: 0.4012696923401788
Thu  4 Dec 10:29:11 GMT 2025
Total seconds: 7
