Thu  4 Dec 10:29:04 GMT 2025
Running on hmem009 model simulation for job 30 scenario 2
Thu  4 Dec 10:29:05 GMT 2025
Running on hmem009 model simulation for job 30 scenario 4
pybullet build time: Nov 28 2025 15:19:22
pybullet build time: Nov 28 2025 15:19:22
pybullet build time: Nov 28 2025 15:19:22
Running model "PhysicsMug" with parameters [0.00110172 0.036605   0.00061266]
	Simulating Physics Mug Model with dt = 0.00110171875, 27 substeps and 1632 solver iterations
	Calculated final value: 0.3870154427893788
Running model "PhysicsMug" with parameters [0.00881375 0.00457562 0.00061266]
	Simulating Physics Mug Model with dt = 0.00881375, 219 substeps and 1632 solver iterations
	Calculated final value: 0.38035567039732066
Thu  4 Dec 10:29:09 GMT 2025
Total seconds: 6
Thu  4 Dec 10:29:09 GMT 2025
Total seconds: 6
Running model "PhysicsMug" with parameters [0.00110172 0.00457562 0.00490125]
	Simulating Physics Mug Model with dt = 0.00110171875, 219 substeps and 204 solver iterations
	Calculated final value: 0.3813156457634641
Thu  4 Dec 10:29:13 GMT 2025
Total seconds: 9
