Thu  4 Dec 10:14:32 GMT 2025
Running on hmem009 model simulation for job 3 scenario 3
Thu  4 Dec 10:14:32 GMT 2025
Running on hmem009 model simulation for job 3 scenario 4
pybullet build time: Nov 28 2025 15:19:22
pybullet build time: Nov 28 2025 15:19:22
Running model "PhysicsMug" with parameters [7.6875000e-05 3.2900000e-03 9.5703125e-04]
	Simulating Physics Mug Model with dt = 7.6875e-05, 304 substeps and 1045 solver iterations
	Calculated final value: 0.4027819092144873
Thu  4 Dec 10:15:57 GMT 2025
Total seconds: 107
Running model "PhysicsMug" with parameters [7.6875000e-05 3.2900000e-03 9.5703125e-04]
	Simulating Physics Mug Model with dt = 7.6875e-05, 304 substeps and 1045 solver iterations
	Calculated final value: 0.4027819092144873
Thu  4 Dec 10:16:15 GMT 2025
Total seconds: 104
Running model "PhysicsMug" with parameters [7.6875000e-05 3.2900000e-03 9.5703125e-04]
	Simulating Physics Mug Model with dt = 7.6875e-05, 304 substeps and 1045 solver iterations
	Calculated final value: 0.4027819092144873
Thu  4 Dec 10:16:16 GMT 2025
Total seconds: 105
