Thu  4 Dec 10:29:05 GMT 2025
Running on hmem009 model simulation for job 25 scenario 3
Thu  4 Dec 10:29:05 GMT 2025
Running on hmem009 model simulation for job 25 scenario 4
pybullet build time: Nov 28 2025 15:19:22
pybullet build time: Nov 28 2025 15:19:22
pybullet build time: Nov 28 2025 15:19:22
Running model "PhysicsMug" with parameters [0.01030125 0.00590437 0.00148078]
	Simulating Physics Mug Model with dt = 0.01030125, 169 substeps and 675 solver iterations
	Calculated final value: 0.4020278324684024
Running model "PhysicsMug" with parameters [0.00128766 0.047235   0.00148078]
	Simulating Physics Mug Model with dt = 0.00128765625, 21 substeps and 675 solver iterations
	Calculated final value: 0.37601632771315147
Thu  4 Dec 10:29:09 GMT 2025
Total seconds: 6
Thu  4 Dec 10:29:09 GMT 2025
Total seconds: 7
Running model "PhysicsMug" with parameters [0.00128766 0.00590437 0.01184625]
	Simulating Physics Mug Model with dt = 0.00128765625, 169 substeps and 84 solver iterations
	Calculated final value: 0.3946647180156687
Thu  4 Dec 10:29:11 GMT 2025
Total seconds: 7
