Thu  4 Dec 10:14:31 GMT 2025
Running on hmem009 model simulation for job 11 scenario 4
Thu  4 Dec 10:14:31 GMT 2025
Running on hmem009 model simulation for job 11 scenario 3
pybullet build time: Nov 28 2025 15:19:22
pybullet build time: Nov 28 2025 15:19:22
Running model "PhysicsMug" with parameters [0.00015375 0.00329    0.00095703]
	Simulating Physics Mug Model with dt = 0.00015375, 304 substeps and 1045 solver iterations
	Calculated final value: 0.3813683657114232
Thu  4 Dec 10:15:07 GMT 2025
Total seconds: 57
Running model "PhysicsMug" with parameters [7.6875000e-05 6.5800000e-03 9.5703125e-04]
	Simulating Physics Mug Model with dt = 7.6875e-05, 152 substeps and 1045 solver iterations
	Calculated final value: 0.3813683657114232
Thu  4 Dec 10:15:25 GMT 2025
Total seconds: 54
Running model "PhysicsMug" with parameters [7.6875000e-05 3.2900000e-03 1.9140625e-03]
	Simulating Physics Mug Model with dt = 7.6875e-05, 304 substeps and 522 solver iterations
	Calculated final value: 0.4027819092144873
Thu  4 Dec 10:16:14 GMT 2025
Total seconds: 103
