Thu  4 Dec 10:29:04 GMT 2025
Running on hmem009 model simulation for job 38 scenario 2
Thu  4 Dec 10:29:05 GMT 2025
Running on hmem009 model simulation for job 38 scenario 4
pybullet build time: Nov 28 2025 15:19:22
pybullet build time: Nov 28 2025 15:19:22
pybullet build time: Nov 28 2025 15:19:22
Running model "PhysicsMug" with parameters [0.00110172 0.07321    0.00061266]
	Simulating Physics Mug Model with dt = 0.00110171875, 14 substeps and 1632 solver iterations
	Calculated final value: 0.39909462582692296
Running model "PhysicsMug" with parameters [0.0176275  0.00457562 0.00061266]
	Simulating Physics Mug Model with dt = 0.0176275, 219 substeps and 1632 solver iterations
	Calculated final value: 0.40339062401210096
Thu  4 Dec 10:29:09 GMT 2025
Total seconds: 6
Thu  4 Dec 10:29:09 GMT 2025
Total seconds: 6
Running model "PhysicsMug" with parameters [0.00110172 0.00457562 0.0098025 ]
	Simulating Physics Mug Model with dt = 0.00110171875, 219 substeps and 102 solver iterations
	Calculated final value: 0.3813156457634641
Thu  4 Dec 10:29:13 GMT 2025
Total seconds: 9
