Thu  4 Dec 10:29:04 GMT 2025
Running on hmem009 model simulation for job 29 scenario 3
Thu  4 Dec 10:29:05 GMT 2025
Running on hmem009 model simulation for job 29 scenario 4
Thu  4 Dec 10:29:05 GMT 2025
Running on hmem009 model simulation for job 29 scenario 2
pybullet build time: Nov 28 2025 15:19:22
pybullet build time: Nov 28 2025 15:19:22
pybullet build time: Nov 28 2025 15:19:22
Running model "PhysicsMug" with parameters [0.00149469 0.00968125 0.00011719]
	Simulating Physics Mug Model with dt = 0.0014946875, 103 substeps and 8533 solver iterations
	Calculated final value: 0.38842111196519363
Running model "PhysicsMug" with parameters [0.0119575  0.00121016 0.00011719]
	Simulating Physics Mug Model with dt = 0.0119575, 826 substeps and 8533 solver iterations
	Calculated final value: 0.40166260905317575
Thu  4 Dec 10:29:10 GMT 2025
Total seconds: 7
Thu  4 Dec 10:29:10 GMT 2025
Total seconds: 6
Running model "PhysicsMug" with parameters [0.00149469 0.00121016 0.0009375 ]
	Simulating Physics Mug Model with dt = 0.0014946875, 826 substeps and 1067 solver iterations
	Calculated final value: 0.40572321276164
Thu  4 Dec 10:29:22 GMT 2025
Total seconds: 18
