slurmstepd: error: slurm_get_node_energy: Socket timed out on send/recv operation
slurmstepd: error: _get_joules_task: can't get info from slurmd
slurmstepd: error: slurm_get_node_energy: Socket timed out on send/recv operation
slurmstepd: error: _get_joules_task: can't get info from slurmd
Fri  9 Jan 11:25:04 GMT 2026
Running on compute034 model simulation for job 22 scenario 12
Fri  9 Jan 11:25:04 GMT 2026
Running on compute034 model simulation for job 22 scenario 11
pybullet build time: Nov 28 2025 15:19:22
pybullet build time: Nov 28 2025 15:19:22
Running model "Mujoco" with parameters [2.62260437e-06 6.55651093e-07]
	Simulating Two Spheres Colliding Model with dt = 2.7226043701171874e-06 and tolerance = 7.556510925292969e-07
	Stop time:  21.958746266107177
[7.29269664e-11 6.58002610e-11 1.38643816e-17 5.26305296e-12
 5.83308458e-12 2.07381547e-12]
[7.56813295e-11 9.99911471e-11 1.86767552e-18 7.99782090e-12
 6.05339310e-12 2.06455483e-12]
	Calculated final value: 0.8283862532626194
Fri  9 Jan 11:28:09 GMT 2026
Total seconds: 185
Running model "Mujoco" with parameters [6.55651093e-07 2.62260437e-06]
	Simulating Two Spheres Colliding Model with dt = 7.556510925292969e-07 and tolerance = 2.7226043701171874e-06
	Stop time:  21.95869254878769
[7.29308971e-11 6.58040317e-11 1.03523535e-18 5.26335456e-12
 5.83339897e-12 1.17578575e-12]
[7.56857490e-11 9.99975528e-11 7.32821593e-19 7.99833327e-12
 6.05374659e-12 1.16536415e-12]
	Calculated final value: 0.8283828604621365
Fri  9 Jan 11:36:12 GMT 2026
Total seconds: 668
