slurmstepd: error: slurm_get_node_energy: Socket timed out on send/recv operation
slurmstepd: error: _get_joules_task: can't get info from slurmd
Fri  9 Jan 11:25:04 GMT 2026
Running on compute034 model simulation for job 9 scenario 12
pybullet build time: Nov 28 2025 15:19:22
Running model "Mujoco" with parameters [1.19209290e-07 7.74860382e-07]
	Simulating Two Spheres Colliding Model with dt = 2.1920928955078125e-07 and tolerance = 8.748603820800781e-07
	Stop time:  21.958678109994505
[7.29323039e-11 6.58051714e-11 9.14219049e-18 5.26344575e-12
 5.83351151e-12 3.70761654e-12]
[7.56872081e-11 9.99992985e-11 3.18011525e-21 7.99847290e-12
 6.05386331e-12 3.72344174e-12]
	Calculated final value: 0.8283835195419152
Fri  9 Jan 12:03:23 GMT 2026
Total seconds: 2299
Running model "Mujoco" with parameters [5.96046448e-08 1.54972076e-06]
	Simulating Two Spheres Colliding Model with dt = 1.5960464477539062e-07 and tolerance = 1.6497207641601561e-06
	Stop time:  21.95867596202469
[7.29324588e-11 6.58053366e-11 1.23505115e-17 5.26345893e-12
 5.83352389e-12 6.74091742e-12]
[7.56872982e-11 9.99994802e-11 4.98337863e-18 7.99848745e-12
 6.05387052e-12 6.75982851e-12]
	Calculated final value: 0.8283833015302831
Fri  9 Jan 12:16:33 GMT 2026
Total seconds: 3134
